Heap size before allocation: 16777216
Ptr: 1, value: 16843009, Heap size now: 97583104 (increase: 80805888 bytes)
