a: 1
b: 300000002
d: 4.2
f: 5.300000
42
a: 1
b: 300000002
d: 4.2
f: 5.300000
42
a: 1
4294967297n
a: 1
4294967297n