rtn     : -1
errno   : 52
strerror: Function not implemented
