during_exit 1
Assertion failed: Asyncify cannot be done during or after the runtime exits
